задание: 2.1.6
проект: 211-command-usb
устройство: 2e8a:000a
серийный номер: E66098F29B472339
порт: COM8
начало: 2026-09-24T16:35:12
   0.000 --> boot_info
   0.010 <-- boot_info
   0.010 <-- dbg read_line:88 got boot_info
   0.011 <-- vector table   0x10000100
   0.011 <-- stack top    0x20042000
   0.012 <-- reset        0x100001f7
   0.012 <-- reset (even) 0x100001f6
   0.012 <-- gpio in        0xd0000004
   0.013 <-- led bit      0
   0.013 <-- gpio_get     0
   2.039 --> enable
   2.046 <-- enable
   2.046 <-- dbg read_line:88 got enable
   2.046 <-- inf led_set:21 led on
   4.064 --> boot_info
   4.074 <-- boot_info
   4.075 <-- dbg read_line:88 got boot_info
   4.076 <-- vector table   0x10000100
   4.076 <-- stack top    0x20042000
   4.077 <-- reset        0x100001f7
   4.077 <-- reset (even) 0x100001f6
   4.077 <-- gpio in        0xd0000004
   4.078 <-- led bit      1
   4.078 <-- gpio_get     1
   6.115 --> disable
   6.122 <-- disable
   6.123 <-- dbg read_line:88 got disable
   6.123 <-- inf led_set:21 led off
   8.142 --> boot_info
   8.152 <-- boot_info
   8.152 <-- dbg read_line:88 got boot_info
   8.153 <-- vector table   0x10000100
   8.153 <-- stack top    0x20042000
   8.154 <-- reset        0x100001f7
   8.154 <-- reset (even) 0x100001f6
   8.154 <-- gpio in        0xd0000004
   8.155 <-- led bit      0
   8.155 <-- gpio_get     0
итог: отправлено команд 5, принято строк 33
