задание: 2.1.3
проект: 211-command-usb
устройство: 2e8a:000a
серийный номер: E66098F29B472339
порт: COM8
начало: 2026-09-24T16:34:09
   0.000 --> mem_info
   0.009 <-- mem_info
   0.010 <-- dbg read_line:88 got mem_info
   0.010 <-- area       start      end        size
   0.010 <-- flash      0x10000000 0x10200000  2097152
   0.011 <-- sram       0x20000000 0x20042000   270336
   0.011 <-- rom        0x00000000 0x00004000    16384
   0.012 <-- image      0x10000000 0x10009904    39172
   0.012 <-- free       0x10009904 0x10200000  2057980
   0.013 <-- boot2      0x10000000 0x10000100      256
   0.013 <-- text       0x10000100 0x1000836c    33388
   0.014 <-- data flash 0x1000836c 0x10009904     5528
   0.014 <-- data ram   0x200000c0 0x20001658     5528
   0.015 <-- bss        0x20001658 0x20002418     3520
   0.015 <-- heap       0x20002418 0x20040000   252904
   0.016 <-- stack      0x20041800 0x20042000     2048
   0.016 <-- total
   0.017 <-- flash image    39172 = boot2 256 + text 33388 + data 5528
   0.018 <-- flash free   2057980 of 2097152
   0.018 <-- ram used        9048 = data 5528 + bss 3520
   0.019 <-- ram free      252904 for heap and 2048 for stack
итог: отправлено команд 1, принято строк 20
